
> rc_ryan_fu@1.0.0 test
> jest src/__tests__/notify.test.ts

